Release 14.7 Map P.20131013 (nt)
Xilinx Map Application Log File for Design 'MainModule'

Design Information
------------------
Command Line   : map -intstyle ise -p xc7a200t-fbg484-3 -w -logic_opt off -ol
high -t 1 -xt 0 -register_duplication off -r 4 -mt off -ir off -pr off -lc off
-power off -o MainModule_map.ncd MainModule.ngd MainModule.pcf 
Target Device  : xc7a200t
Target Package : fbg484
Target Speed   : -3
Mapper Version : artix7 -- $Revision: 1.55 $
Mapped Date    : Mon May 16 21:13:20 2022

WARNING:LIT:701 - PAD symbol "DataMemOut<31>" has an undefined IOSTANDARD.
WARNING:LIT:702 - PAD symbol "DataMemOut<31>" is not constrained (LOC) to a
   specific location.
Mapping design into LUTs...
WARNING:MapLib:701 - Signal DataMemOut<31> connected to top level port
   DataMemOut<31> has been removed.
WARNING:MapLib:701 - Signal DataMemOut<30> connected to top level port
   DataMemOut<30> has been removed.
WARNING:MapLib:701 - Signal DataMemOut<29> connected to top level port
   DataMemOut<29> has been removed.
WARNING:MapLib:701 - Signal DataMemOut<28> connected to top level port
   DataMemOut<28> has been removed.
WARNING:MapLib:701 - Signal DataMemOut<27> connected to top level port
   DataMemOut<27> has been removed.
WARNING:MapLib:701 - Signal DataMemOut<26> connected to top level port
   DataMemOut<26> has been removed.
WARNING:MapLib:701 - Signal DataMemOut<25> connected to top level port
   DataMemOut<25> has been removed.
WARNING:MapLib:701 - Signal DataMemOut<24> connected to top level port
   DataMemOut<24> has been removed.
WARNING:MapLib:701 - Signal DataMemOut<23> connected to top level port
   DataMemOut<23> has been removed.
WARNING:MapLib:701 - Signal DataMemOut<22> connected to top level port
   DataMemOut<22> has been removed.
WARNING:MapLib:701 - Signal DataMemOut<21> connected to top level port
   DataMemOut<21> has been removed.
WARNING:MapLib:701 - Signal DataMemOut<20> connected to top level port
   DataMemOut<20> has been removed.
WARNING:MapLib:701 - Signal DataMemOut<19> connected to top level port
   DataMemOut<19> has been removed.
WARNING:MapLib:701 - Signal DataMemOut<18> connected to top level port
   DataMemOut<18> has been removed.
WARNING:MapLib:701 - Signal DataMemOut<17> connected to top level port
   DataMemOut<17> has been removed.
WARNING:MapLib:701 - Signal DataMemOut<16> connected to top level port
   DataMemOut<16> has been removed.
WARNING:MapLib:701 - Signal DataMemOut<15> connected to top level port
   DataMemOut<15> has been removed.
WARNING:MapLib:701 - Signal DataMemOut<14> connected to top level port
   DataMemOut<14> has been removed.
WARNING:MapLib:701 - Signal DataMemOut<13> connected to top level port
   DataMemOut<13> has been removed.
WARNING:MapLib:701 - Signal DataMemOut<12> connected to top level port
   DataMemOut<12> has been removed.
WARNING:MapLib:701 - Signal DataMemOut<11> connected to top level port
   DataMemOut<11> has been removed.
WARNING:MapLib:701 - Signal DataMemOut<10> connected to top level port
   DataMemOut<10> has been removed.
WARNING:MapLib:701 - Signal DataMemOut<9> connected to top level port
   DataMemOut<9> has been removed.
WARNING:MapLib:701 - Signal DataMemOut<8> connected to top level port
   DataMemOut<8> has been removed.
WARNING:MapLib:701 - Signal DataMemOut<7> connected to top level port
   DataMemOut<7> has been removed.
WARNING:MapLib:701 - Signal DataMemOut<6> connected to top level port
   DataMemOut<6> has been removed.
WARNING:MapLib:701 - Signal DataMemOut<5> connected to top level port
   DataMemOut<5> has been removed.
WARNING:MapLib:701 - Signal DataMemOut<4> connected to top level port
   DataMemOut<4> has been removed.
WARNING:MapLib:701 - Signal DataMemOut<3> connected to top level port
   DataMemOut<3> has been removed.
WARNING:MapLib:701 - Signal DataMemOut<2> connected to top level port
   DataMemOut<2> has been removed.
WARNING:MapLib:701 - Signal DataMemOut<1> connected to top level port
   DataMemOut<1> has been removed.
WARNING:MapLib:701 - Signal DataMemOut<0> connected to top level port
   DataMemOut<0> has been removed.
Running directed packing...
Running delay-based LUT packing...
